exports[`App should render 1`] = `
<div
  className="app">
  <ol
    aria-label="breadcrumbs"
    className="breadcrumb"
    role="navigation">
    <li
      className="">
      <a
        href="#"
        onClick={[Function]}
        role="button"
        target={undefined}
        title={undefined}>
        Foo
      </a>
    </li>
    <li
      className="">
      <a
        href="#"
        onClick={[Function]}
        role="button"
        target={undefined}
        title={undefined}>
        Bar
      </a>
    </li>
    <li
      className="active">
      <span>
        Baz
      </span>
    </li>
  </ol>
  <div
    className="error">
    
  </div>
  <div
    className="body">
    <div
      className="data-entry">
      <div>
        <div
          className="data-input">
          <label>
            Project Name
          </label>
          <input
            autoFocus={undefined}
            className="form-control name-input"
            name="name"
            onChange={[Function]}
            onKeyPress={undefined}
            type="text"
            value="" />
        </div>
        <div
          className="data-input">
          <label>
            Project Description
          </label>
          <input
            autoFocus={undefined}
            className="form-control description-input"
            name="description"
            onChange={[Function]}
            onKeyPress={[Function]}
            type="text"
            value="" />
        </div>
        <button
          className="add-btn btn"
          onClick={[Function]}>
          Add
        </button>
      </div>
      <a
        href="#display">
        Show Projects
      </a>
      <div
        className="icons">
        <span
          aria-hidden={true}
          className="fa fa-envelope-o fa-2x" />
        <span
          aria-hidden={true}
          className="fa fa-check-circle fa-2x"
          style={
            Object {
              "color": "green",
            }
          } />
        <span
          className="fa-stack">
          <span
            aria-hidden={true}
            className="fa fa-circle-o fa-stack-2x"
            style={
              Object {
                "color": "red",
              }
            } />
          <span
            aria-hidden={true}
            className="fa fa-exclamation fa-stack-1x"
            style={
              Object {
                "color": "red",
              }
            } />
        </span>
        <span
          aria-hidden={true}
          className="fa fa-times-circle-o fa-2x fa-inverse"
          style={
            Object {
              "color": "red",
            }
          } />
      </div>
    </div>
    <div
      className="button-set">
      <button
        className="btn btn-primary"
        disabled={true}
        onClick={[Function]}>
        Save
      </button>
      <button
        className="btn btn-info"
        disabled={false}
        onClick={[Function]}>
        Info
      </button>
      <button
        className="btn btn-danger"
        disabled={undefined}
        onClick={[Function]}>
        Cancel
      </button>
    </div>
    <div
      className="lookup-input-container"
      style={
        Object {
          "alignItems": "center",
          "display": "flex",
        }
      }>
      <input
        className="form-control lookup-input-input"
        onChange={[Function]}
        onKeyPress={undefined}
        style={
          Object {
            "flex": "9 9 0px",
            "paddingRight": "32px",
            "width": "90%",
          }
        }
        type="text" />
      <i
        className="lookup-input-icon fa fa-search"
        onClick={undefined}
        style={
          Object {
            "flex": "1 1 0px",
            "left": "-20px",
            "position": "relative",
          }
        } />
    </div>
  </div>
</div>
`;
