exports[`App should render 1`] = `
<div
  className="app">
  <div
    className="error">
    
  </div>
  <div
    className="data-entry">
    <div>
      <div
        className="data-input">
        <label>
          Project Name
        </label>
        <input
          autoFocus={undefined}
          className="form-control name-input"
          name="name"
          onChange={[Function]}
          onKeyPress={undefined}
          type="text"
          value="" />
      </div>
      <div
        className="data-input">
        <label>
          Project Description
        </label>
        <input
          autoFocus={undefined}
          className="form-control description-input"
          name="description"
          onChange={[Function]}
          onKeyPress={[Function]}
          type="text"
          value="" />
      </div>
      <button
        className="add-btn btn"
        onClick={[Function]}>
        Add
      </button>
    </div>
    <a
      href="#display">
      Show Projects
    </a>
  </div>
</div>
`;
