exports[`App should render 1`] = `
<div
  className="app">
  <div
    className="error">
    
  </div>
  <div
    className="data-entry">
    <div>
      <label>
        Project Name
      </label>
      <input
        autoFocus={true}
        onChange={[Function]}
        onKeyPress={[Function]}
        type="text"
        value="" />
      <button
        className="add-btn"
        onClick={[Function]}>
        Add
      </button>
    </div>
    <a
      href="#display">
      Show Projects
    </a>
  </div>
</div>
`;
