exports[`WizardSteps should render 1`] = `
<div
  className="wizard-steps">
  <div
    className="step">
    <span
      className="badge active">
      1
    </span>
     
    Assign Products
  </div>
  <div
    className="step">
    <span
      className="badge">
      2
    </span>
     
    Add Trail Data
  </div>
  <div
    className="step">
    <span
      className="badge">
      3
    </span>
     
    Add Observations
  </div>
</div>
`;
