exports[`LookupInput should render 1`] = `
<div
  className="lookup-input"
  style={
    Object {
      "alignItems": "center",
      "display": "flex",
    }
  }>
  <input
    className="form-control"
    onChange={undefined}
    onKeyPress={[Function]}
    style={
      Object {
        "flex": "9 9 0px",
        "paddingRight": "32px",
        "width": "90%",
      }
    }
    type="text" />
  <i
    className="icon fa fa-search"
    onClick={undefined}
    style={
      Object {
        "flex": "1 1 0px",
        "left": "-20px",
        "position": "relative",
      }
    } />
</div>
`;
